// Jest Snapshot v1, https://goo.gl/fbAQLP

exports[`<SearchBar /> SearchBar component matches snapshot 1`] = `
<View
  style={
    Object {
      "alignItems": "center",
      "backgroundColor": "#F0F0F0",
      "borderBottomLeftRadius": 8,
      "borderBottomRightRadius": 8,
      "borderTopLeftRadius": 8,
      "borderTopRightRadius": 8,
      "flexDirection": "row",
      "marginBottom": 10,
      "marginLeft": 10,
      "marginRight": 10,
      "marginTop": 10,
      "paddingBottom": 10,
      "paddingLeft": 10,
      "paddingRight": 10,
      "paddingTop": 10,
    }
  }
>
  <Image
    resizeMode="contain"
    source={
      Object {
        "testUri": "../../../app/assets/images/search.png",
      }
    }
    style={
      Object {
        "height": 20,
        "marginRight": 10,
        "width": 20,
      }
    }
  />
  <TextInput
    onChangeText={[MockFunction]}
    placeholder="Search..."
    placeholderTextColor="#666D87BF"
    style={
      Object {
        "fontSize": 16,
        "width": "60%",
      }
    }
  />
</View>
`;
