// Jest Snapshot v1, https://goo.gl/fbAQLP

exports[`<UserListScreen /> UserListScreen matches snapshot 1`] = `
<View
  style={
    Object {
      "alignItems": "center",
      "flexBasis": 0,
      "flexGrow": 1,
      "flexShrink": 1,
      "justifyContent": "center",
      "marginTop": 50,
      "paddingBottom": 20,
      "paddingLeft": 20,
      "paddingRight": 20,
      "paddingTop": 20,
    }
  }
>
  <View
    style={
      Object {
        "alignItems": "center",
        "flexDirection": "row",
        "justifyContent": "center",
        "marginBottom": 20,
        "width": "100%",
      }
    }
  >
    <View
      style={
        Object {
          "alignItems": "center",
          "backgroundColor": "#F0F0F0",
          "borderBottomLeftRadius": 8,
          "borderBottomRightRadius": 8,
          "borderTopLeftRadius": 8,
          "borderTopRightRadius": 8,
          "flexDirection": "row",
          "marginBottom": 10,
          "marginLeft": 10,
          "marginRight": 10,
          "marginTop": 10,
          "paddingBottom": 10,
          "paddingLeft": 10,
          "paddingRight": 10,
          "paddingTop": 10,
        }
      }
    >
      <Image
        resizeMode="contain"
        source={
          Object {
            "testUri": "../../../src/assets/images/search.png",
          }
        }
        style={
          Object {
            "height": 20,
            "marginRight": 10,
            "width": 20,
          }
        }
      />
      <TextInput
        onChangeText={[Function]}
        placeholder="User Name..."
        placeholderTextColor="#666D87BF"
        style={
          Object {
            "fontSize": 16,
            "width": "60%",
          }
        }
      />
    </View>
    <View
      accessible={true}
      collapsable={false}
      focusable={true}
      onClick={[Function]}
      onResponderGrant={[Function]}
      onResponderMove={[Function]}
      onResponderRelease={[Function]}
      onResponderTerminate={[Function]}
      onResponderTerminationRequest={[Function]}
      onStartShouldSetResponder={[Function]}
      style={
        Object {
          "backgroundColor": "#007bff",
          "borderBottomLeftRadius": 5,
          "borderBottomRightRadius": 5,
          "borderTopLeftRadius": 5,
          "borderTopRightRadius": 5,
          "opacity": 1,
          "paddingBottom": 10,
          "paddingLeft": 20,
          "paddingRight": 20,
          "paddingTop": 10,
        }
      }
    >
      <Text
        style={
          Object {
            "color": "#FFFFFF",
            "fontSize": 16,
            "textAlign": "center",
          }
        }
      >
        Search
      </Text>
    </View>
  </View>
  <View
    style={
      Object {
        "flexBasis": 0,
        "flexGrow": 1,
        "flexShrink": 1,
        "paddingBottom": 10,
        "paddingLeft": 10,
        "paddingRight": 10,
        "paddingTop": 10,
      }
    }
  >
    <View
      style={
        Object {
          "borderBottomColor": "#ccc",
          "borderBottomWidth": 1,
          "flexDirection": "row",
          "justifyContent": "space-between",
          "paddingBottom": 10,
          "paddingLeft": 0,
          "paddingRight": 0,
          "paddingTop": 10,
        }
      }
    >
      <Text
        style={
          Object {
            "flexBasis": 0,
            "flexGrow": 1,
            "flexShrink": 1,
            "textAlign": "center",
          }
        }
      >
        Name
      </Text>
      <Text
        style={
          Object {
            "flexBasis": 0,
            "flexGrow": 1,
            "flexShrink": 1,
            "textAlign": "center",
          }
        }
      >
        Rank
      </Text>
      <Text
        style={
          Object {
            "flexBasis": 0,
            "flexGrow": 1,
            "flexShrink": 1,
            "textAlign": "center",
          }
        }
      >
        Number of Bananas
      </Text>
      <Text
        style={
          Object {
            "flexBasis": 0,
            "flexGrow": 1,
            "flexShrink": 1,
            "textAlign": "center",
          }
        }
      >
        Is Searched User
      </Text>
    </View>
    <RCTScrollView
      data={Array []}
      getItem={[Function]}
      getItemCount={[Function]}
      keyExtractor={[Function]}
      onContentSizeChange={[Function]}
      onLayout={[Function]}
      onMomentumScrollBegin={[Function]}
      onMomentumScrollEnd={[Function]}
      onScroll={[Function]}
      onScrollBeginDrag={[Function]}
      onScrollEndDrag={[Function]}
      removeClippedSubviews={false}
      renderItem={[Function]}
      scrollEventThrottle={50}
      stickyHeaderIndices={Array []}
      viewabilityConfigCallbackPairs={Array []}
    >
      <View />
    </RCTScrollView>
  </View>
</View>
`;
